[DATA_POINT]
1="HTTP_200"
2="tcp_connection_count"
3="tcp_connect"
4="tcp_shutdown"
5="ssl_session_new"
6="ssl_session_reuse"
7="mic_recv"
[END_TRANSACTION]
10="UI_Transaction"
11="version_Transaction"
12="returnTable_Transaction"
13="https://5y0r4sf162.execute-api.us-east-2.amazonaws.com/perf-test/services/version"
14="version_version_3"
15="addRecord_Transaction"
16="https://5y0r4sf162.execute-api.us-east-2.amazonaws.com/perf-test/services/returnTableContents"
17="returnTableContents_returnTable_3"
18="https://5y0r4sf162.execute-api.us-east-2.amazonaws.com/perf-test/services/addRecord"
19="addRecord_addRecord_4"
1="vuser_init_Transaction"
2="https://d347c3fnjd215r.cloudfront.net/"
3="https://d347c3fnjd215r.cloudfront.net/static/js/main.deffca5d.chunk.js"
4="https://d347c3fnjd215r.cloudfront.net/static/css/main.e041e0f3.chunk.css"
5="https://d347c3fnjd215r.cloudfront.net/static/media/logo.5d5d9eef.svg"
6="https://d347c3fnjd215r.cloudfront.net/static/js/2.ec64976b.chunk.js"
20="vuser_end_Transaction"
7="https://d347c3fnjd215r.cloudfront.net/bootstrap.min.css"
8="https://d347c3fnjd215r.cloudfront.net/static/js/2.94969f6a.chunk.js"
9="{uihost}_UI_24"
